// Jest Snapshot v1, https://goo.gl/fbAQLP

exports[`basic 1`] = `
"async function foo() {
  const res = await bar()
  return res
}

const bar = async () => {
  return 'bar'
}


⬇⬇⬇

/******/ (function(modules) { // webpackBootstrap
/******/ 	// The module cache
/******/ 	var installedModules = {};
/******/
/******/ 	// The require function
/******/ 	function __webpack_require__(moduleId) {
/******/
/******/ 		// Check if module is in cache
/******/ 		if(installedModules[moduleId]) {
/******/ 			return installedModules[moduleId].exports;
/******/ 		}
/******/ 		// Create a new module (and put it into the cache)
/******/ 		var module = installedModules[moduleId] = {
/******/ 			i: moduleId,
/******/ 			l: false,
/******/ 			exports: {}
/******/ 		};
/******/
/******/ 		// Execute the module function
/******/ 		modules[moduleId].call(module.exports, module, module.exports, __webpack_require__);
/******/
/******/ 		// Flag the module as loaded
/******/ 		module.l = true;
/******/
/******/ 		// Return the exports of the module
/******/ 		return module.exports;
/******/ 	}
/******/
/******/
/******/ 	// expose the modules object (__webpack_modules__)
/******/ 	__webpack_require__.m = modules;
/******/
/******/ 	// expose the module cache
/******/ 	__webpack_require__.c = installedModules;
/******/
/******/ 	// define getter function for harmony exports
/******/ 	__webpack_require__.d = function(exports, name, getter) {
/******/ 		if(!__webpack_require__.o(exports, name)) {
/******/ 			Object.defineProperty(exports, name, {
/******/ 				configurable: false,
/******/ 				enumerable: true,
/******/ 				get: getter
/******/ 			});
/******/ 		}
/******/ 	};
/******/
/******/ 	// getDefaultExport function for compatibility with non-harmony modules
/******/ 	__webpack_require__.n = function(module) {
/******/ 		var getter = module && module.__esModule ?
/******/ 			function getDefault() { return module['default']; } :
/******/ 			function getModuleExports() { return module; };
/******/ 		__webpack_require__.d(getter, 'a', getter);
/******/ 		return getter;
/******/ 	};
/******/
/******/ 	// Object.prototype.hasOwnProperty.call
/******/ 	__webpack_require__.o = function(object, property) { return Object.prototype.hasOwnProperty.call(object, property); };
/******/
/******/ 	// __webpack_public_path__
/******/ 	__webpack_require__.p = \\"/\\";
/******/
/******/ 	// Load entry module and return exports
/******/ 	return __webpack_require__(__webpack_require__.s = 0);
/******/ })
/************************************************************************/
/******/ ([
/* 0 */
/***/ (function(module, exports) {

function foo() {
    return new Promise((function ($return, $error) {
        var res;
        return Promise.resolve(bar()).then((function ($await_1) {
            try {
                res = $await_1;
                return $return(res);
            } catch ($boundEx) {
                return $error($boundEx);
            }
        }).bind(this), $error);
    }).bind(this));
}

const bar = () => new Promise((function ($return, $error) {
    return $return('bar');
}).bind(this));


//# sourceMappingURL=data:application/json;charset=utf-8;base64,eyJ2ZXJzaW9uIjozLCJzb3VyY2VzIjpbImlucHV0LmpzKG9yaWdpbmFsKSJdLCJuYW1lcyI6W10sIm1hcHBpbmdzIjoiQUFBQSxTQUFlO0lBQWY7O1FBQ2MsdUJBQU0sR0FBQSxJQUFOOztnQkFBTixNQUFNO2dCQUNaLGVBQU87Ozs7Ozs7O0FBR1QsS0FBQSxDQUFNLFNBQU07SUFDVixlQUFPOztBQU5UIiwiZmlsZSI6ImlucHV0LmpzKG9yaWdpbmFsKSIsInNvdXJjZXNDb250ZW50IjpbImFzeW5jIGZ1bmN0aW9uIGZvbygpIHtcbiAgY29uc3QgcmVzID0gYXdhaXQgYmFyKClcbiAgcmV0dXJuIHJlc1xufVxuXG5jb25zdCBiYXIgPSBhc3luYyAoKSA9PiB7XG4gIHJldHVybiAnYmFyJ1xufVxuIl19


/***/ })
/******/ ]);"
`;
